Loaded Prisma config from prisma.config.ts.

Prisma config detected, skipping environment variable loading.
Prisma schema loaded from prisma/schema.prisma
Datasource "db": PostgreSQL database "crm_readiness_test", schema "public" at "localhost:55439"

6 migrations found in prisma/migrations

Applying migration `20260217131013_init`
Applying migration `20260403152338_relationship_engine`
Applying migration `20260917120000_durable_email_queue`
Applying migration `20261007120000_scratch_intake`
Applying migration `20261007200000_campaign_design`
Applying migration `20261007210000_campaign_review`

The following migration(s) have been applied:

migrations/
  └─ 20260217131013_init/
    └─ migration.sql
  └─ 20260403152338_relationship_engine/
    └─ migration.sql
  └─ 20260917120000_durable_email_queue/
    └─ migration.sql
  └─ 20261007120000_scratch_intake/
    └─ migration.sql
  └─ 20261007200000_campaign_design/
    └─ migration.sql
  └─ 20261007210000_campaign_review/
    └─ migration.sql

All migrations have been successfully applied.
Loaded Prisma config from prisma.config.ts.

No difference detected.

TAP version 13
# Subtest: audience inputs are bounded; URLs and spreadsheet cells stay literal
ok 1 - audience inputs are bounded; URLs and spreadsheet cells stay literal
  ---
  duration_ms: 0.857291
  type: 'test'
  ...
# Subtest: isolated audience workspace
    # Subtest: permission precedence, unknown evidence and blocked opt-in review remain distinct
    ok 1 - permission precedence, unknown evidence and blocked opt-in review remain distinct
      ---
      duration_ms: 10.566875
      type: 'test'
      ...
    # Subtest: count/list/export use same organization, source, VIP and tag predicates
    ok 2 - count/list/export use same organization, source, VIP and tag predicates
      ---
      duration_ms: 19.4535
      type: 'test'
      ...
    # Subtest: creation validates, is case-insensitive and never opts anyone in
    ok 3 - creation validates, is case-insensitive and never opts anyone in
      ---
      duration_ms: 8.593917
      type: 'test'
      ...
    # Subtest: patch-only notes preserve concurrent permission; follow-up completion is contact scoped
    ok 4 - patch-only notes preserve concurrent permission; follow-up completion is contact scoped
      ---
      duration_ms: 7.182292
      type: 'test'
      ...
# 14k audience preset counts + two pages: 62ms
    # Subtest: stable pagination and 14k-contact query timing
    ok 5 - stable pagination and 14k-contact query timing
      ---
      duration_ms: 457.603542
      type: 'test'
      ...
# Browser proof: 14 responsive screenshots; filters/reload/export/create/error retention/save/mobile navigation/draft inline save/subscriber isolation passed
    # Subtest: real browser audience journeys
    ok 6 - real browser audience journeys
      ---
      duration_ms: 11197.212375
      type: 'test'
      ...
    1..6
ok 2 - isolated audience workspace
  ---
  duration_ms: 11733.31875
  type: 'test'
  ...
1..2
# tests 8
# suites 0
# pass 8
# fail 0
# cancelled 0
# skipped 0
# todo 0
# duration_ms 11944.289416
