
> company-theatre@0.1.0 build
> next build

▲ Next.js 16.1.6 (Turbopack)

  Creating an optimized production build ...
✓ Compiled successfully in 4.6s
  Running TypeScript ...
  Collecting page data using 9 workers ...
  Generating static pages using 9 workers (0/20) ...
  Generating static pages using 9 workers (5/20)
  Generating static pages using 9 workers (10/20)
  Generating static pages using 9 workers (15/20)
✓ Generating static pages using 9 workers (20/20) in 184.5ms
  Finalizing page optimization ...

Route (app)
┌ ƒ /
├ ○ /_not-found
├ ƒ /api/newsletter
├ ○ /jackpot-twins
├ ● /show/[id]
│ ├ /show/jackpot-twins
│ ├ /show/things-i-know-to-be-true
│ ├ /show/jerusalem
│ └ [+9 more paths]
├ ○ /sitemap.xml
└ ○ /support


○  (Static)   prerendered as static content
●  (SSG)      prerendered as static HTML (uses generateStaticParams)
ƒ  (Dynamic)  server-rendered on demand
