
> jackpot-twins-site@0.1.0 build
> next build

▲ Next.js 16.2.0 (Turbopack)

  Creating an optimized production build ...
✓ Compiled successfully in 2.0s
  Running TypeScript ...
  Finished TypeScript in 2.5s ...
  Collecting page data using 8 workers ...
  Generating static pages using 8 workers (0/7) ...
  Generating static pages using 8 workers (1/7)
  Generating static pages using 8 workers (3/7)
  Generating static pages using 8 workers (5/7)
✓ Generating static pages using 8 workers (7/7) in 266ms
  Finalizing page optimization ...

Route (app)
┌ ○ /
├ ○ /_not-found
├ ƒ /api/signup
├ ○ /apple-icon.png
└ ○ /icon.svg


○  (Static)   prerendered as static content
ƒ  (Dynamic)  server-rendered on demand
